[sudo] sumin 암호: === PROBE eBPF Auto-Preparation ===
[1/3] vmlinux.h is up-to-date, skipping
[2/3] probe_ebpf.bpf.o is up-to-date, skipping
[3/3] VM image already has latest eBPF, skipping
=== eBPF preparation complete ===

=============================================
 PROBE Phase 17: 2-Tier Mixed-Mode Fuzzing
   Fast Pool: 8 VM (Non-KASAN) -> :56741
   KASAN Pool: 2 VM (KASAN)    -> :56742
   Hub:                        -> :56740
=============================================
Starting MOCK BiGRU server (port 50051)...
Starting syz-hub (RPC :55555, Dashboard :56740)...
syz-hub started (PID 1139259)
Starting Fast Manager (Non-KASAN, 8 VM, Dashboard :56741)...
Starting KASAN Manager (KASAN, 2 VM, Dashboard :56742)...

Logging:
  Hub:           /home/sumin/probe/syzkaller/probe_log/hub_run_260227_144501.log
  Fast Manager:  /home/sumin/probe/syzkaller/probe_log/fast_run_260227_144501.log
  KASAN Manager: /home/sumin/probe/syzkaller/probe_log/kasan_run_260227_144501.log
  MOCK BiGRU:    /home/sumin/probe/syzkaller/probe_log/mock_bigru_run.log

Dashboards:
  Hub:    http://127.0.0.1:56740
  Fast:   http://127.0.0.1:56741
  KASAN:  http://127.0.0.1:56742

PROBE Phase 17 fuzzer started. Press Ctrl+C to stop.
[sudo] sumin 암호: === PROBE eBPF Auto-Preparation ===
[1/3] vmlinux.h is up-to-date, skipping
[2/3] probe_ebpf.bpf.o is up-to-date, skipping
[3/3] VM image already has latest eBPF, skipping
=== eBPF preparation complete ===

=============================================
 PROBE Phase 17: 2-Tier Mixed-Mode Fuzzing
   Fast Pool: 8 VM (Non-KASAN) -> :56741
   KASAN Pool: 2 VM (KASAN)    -> :56742
   Hub:                        -> :56740
=============================================
Starting MOCK BiGRU server (port 50051)...
Starting syz-hub (RPC :55555, Dashboard :56740)...
syz-hub started (PID 1141291)
Starting Fast Manager (Non-KASAN, 8 VM, Dashboard :56741)...
Starting KASAN Manager (KASAN, 2 VM, Dashboard :56742)...

Logging:
  Hub:           /home/sumin/probe/syzkaller/probe_log/hub_run_260227_144543.log
  Fast Manager:  /home/sumin/probe/syzkaller/probe_log/fast_run_260227_144543.log
  KASAN Manager: /home/sumin/probe/syzkaller/probe_log/kasan_run_260227_144543.log
  MOCK BiGRU:    /home/sumin/probe/syzkaller/probe_log/mock_bigru_run.log

Dashboards:
  Hub:    http://127.0.0.1:56740
  Fast:   http://127.0.0.1:56741
  KASAN:  http://127.0.0.1:56742

PROBE Phase 17 fuzzer started. Press Ctrl+C to stop.
/home/sumin/probe/syzkaller/setup/probe.sh: 줄 227: 1141315 죽었음               setsid sudo $SYZKALLER_DIR/bin/syz-manager -config $FAST_CONFIG < /dev/null >> "$LOG_DIR/fast_run_${LOG_TS}.log" 2>&1
/home/sumin/probe/syzkaller/setup/probe.sh: 줄 227: 1141316 죽었음               setsid sudo $SYZKALLER_DIR/bin/syz-manager -config $KASAN_CONFIG < /dev/null >> "$LOG_DIR/kasan_run_${LOG_TS}.log" 2>&1
[sudo] sumin 암호: === PROBE eBPF Auto-Preparation ===
[1/3] vmlinux.h is up-to-date, skipping
[2/3] probe_ebpf.bpf.o is up-to-date, skipping
[3/3] VM image already has latest eBPF, skipping
=== eBPF preparation complete ===

=============================================
 PROBE Phase 17: 2-Tier Mixed-Mode Fuzzing
   Fast Pool: 8 VM (Non-KASAN) -> :56741
   KASAN Pool: 2 VM (KASAN)    -> :56742
   Hub:                        -> :56740
=============================================
Starting MOCK BiGRU server (port 50051)...
Starting syz-hub (RPC :55555, Dashboard :56740)...
syz-hub started (PID 1469118)
Starting Fast Manager (Non-KASAN, 8 VM, Dashboard :56741)...
Starting KASAN Manager (KASAN, 2 VM, Dashboard :56742)...

Logging:
  Hub:           /home/sumin/probe/syzkaller/probe_log/hub_run_260228_235738.log
  Fast Manager:  /home/sumin/probe/syzkaller/probe_log/fast_run_260228_235738.log
  KASAN Manager: /home/sumin/probe/syzkaller/probe_log/kasan_run_260228_235738.log
  MOCK BiGRU:    /home/sumin/probe/syzkaller/probe_log/mock_bigru_run.log

Dashboards:
  Hub:    http://127.0.0.1:56740
  Fast:   http://127.0.0.1:56741
  KASAN:  http://127.0.0.1:56742

PROBE Phase 17 fuzzer started. Press Ctrl+C to stop.
